// Jest Snapshot v1, https://goo.gl/fbAQLP

exports[`App Should render the app. 1`] = `
<Provider
  store={
    Object {
      "dispatch": [Function],
      "getState": [Function],
      "replaceReducer": [Function],
      "subscribe": [Function],
      Symbol(observable): [Function],
    }
  }
>
  <div
    className="App"
    style={
      Object {
        "display": "flex",
        "flexDirection": "column",
        "justifyContent": "center",
      }
    }
  >
    <Connect(UserTableClass)
      onClick={[Function]}
    />
  </div>
</Provider>
`;
