// Jest Snapshot v1, https://goo.gl/fbAQLP

exports[`PostTable Should render when given a user. 1`] = `
<table>
  <thead>
    <TableRow
      cellContent={
        Array [
          "Title",
          "Body",
        ]
      }
    />
  </thead>
  <tbody />
</table>
`;
